******************************************************************************
                  TI ARM Linker PC v20.2.7                     
******************************************************************************
>> Linked Wed Nov 29 00:21:03 2023

OUTPUT FILE NAME:   <Traffic_Lights.out>
ENTRY POINT SYMBOL: "_c_int00_noargs"  address: 00000a89


MEMORY CONFIGURATION

         name            origin    length      used     unused   attr    fill
----------------------  --------  ---------  --------  --------  ----  --------
  FLASH                 00000000   00040000  00000afe  0003f502  R  X
  SRAM                  20000000   00008000  00000214  00007dec  RW X


SEGMENT ALLOCATION MAP

run origin  load origin   length   init length attrs members
----------  ----------- ---------- ----------- ----- -------
00000000    00000000    00000b00   00000b00    r-x
  00000000    00000000    0000026c   0000026c    r-- .intvecs
  0000026c    0000026c    0000087a   0000087a    r-x .text
  00000ae8    00000ae8    00000018   00000018    r-- .cinit
20000000    20000000    00000214   00000000    rw-
  20000000    20000000    00000200   00000000    rw- .stack
  20000200    20000200    00000014   00000000    rw- .data


SECTION ALLOCATION MAP

 output                                  attributes/
section   page    origin      length       input sections
--------  ----  ----------  ----------   ----------------
.intvecs   0    00000000    0000026c     
                  00000000    0000026c     tm4c123gh6pm_startup_ccs.obj (.intvecs)

.text      0    0000026c    0000087a     
                  0000026c    000002f0     App.obj (.text)
                  0000055c    00000188     Timers.obj (.text)
                  000006e4    00000140     Buttons.obj (.text)
                  00000824    0000011c     Leds.obj (.text)
                  00000940    0000009c     rtsv7M4_T_le_v4SPD16_eabi.lib : memcpy_t2.asm.obj (.text)
                  000009dc    00000068                                   : copy_decompress_lzss.c.obj (.text:decompress:lzss:__TI_decompress_lzss)
                  00000a44    00000044                                   : autoinit.c.obj (.text:__TI_auto_init_nobinit_nopinit:__TI_auto_init_nobinit_nopinit)
                  00000a88    00000034                                   : boot_cortex_m.c.obj (.text:_c_int00_noargs:_c_int00_noargs)
                  00000abc    0000000e                                   : copy_decompress_none.c.obj (.text:decompress:none:__TI_decompress_none)
                  00000aca    0000000c     tm4c123gh6pm_startup_ccs.obj (.text)
                  00000ad6    00000008     main.obj (.text)
                  00000ade    00000004     rtsv7M4_T_le_v4SPD16_eabi.lib : pre_init.c.obj (.text:_system_pre_init)
                  00000ae2    00000004                                   : exit.c.obj (.text:abort:abort)

.cinit     0    00000ae8    00000018     
                  00000ae8    00000008     (.cinit..data.load) [load image, compression = lzss]
                  00000af0    00000008     (__TI_handler_table)
                  00000af8    00000008     (__TI_cinit_table)

.init_array 
*          0    00000000    00000000     UNINITIALIZED

.data      0    20000200    00000014     UNINITIALIZED
                  20000200    00000008     Buttons.obj (.data)
                  20000208    00000008     Timers.obj (.data)
                  20000210    00000004     App.obj (.data)

.stack     0    20000000    00000200     UNINITIALIZED
                  20000000    00000004     rtsv7M4_T_le_v4SPD16_eabi.lib : boot_cortex_m.c.obj (.stack)
                  20000004    000001fc     --HOLE--

__llvm_prf_cnts 
*          0    20000000    00000000     UNINITIALIZED

MODULE SUMMARY

       Module                         code   ro data   rw data
       ------                         ----   -------   -------
    .\
       App.obj                        752    0         4      
       tm4c123gh6pm_startup_ccs.obj   12     620       0      
       Timers.obj                     392    0         8      
       Buttons.obj                    320    0         8      
       Leds.obj                       284    0         0      
       main.obj                       8      0         0      
    +--+------------------------------+------+---------+---------+
       Total:                         1768   620       20     
                                                              
    C:\ti\ccs1250\ccs\tools\compiler\ti-cgt-arm_20.2.7.LTS\lib\rtsv7M4_T_le_v4SPD16_eabi.lib
       memcpy_t2.asm.obj              156    0         0      
       copy_decompress_lzss.c.obj     104    0         0      
       autoinit.c.obj                 68     0         0      
       boot_cortex_m.c.obj            52     0         0      
       copy_decompress_none.c.obj     14     0         0      
       exit.c.obj                     4      0         0      
       pre_init.c.obj                 4      0         0      
    +--+------------------------------+------+---------+---------+
       Total:                         402    0         0      
                                                              
       Stack:                         0      0         512    
       Linker Generated:              0      24        0      
    +--+------------------------------+------+---------+---------+
       Grand Total:                   2170   644       532    


LINKER GENERATED COPY TABLES

__TI_cinit_table @ 00000af8 records: 1, size/record: 8, table size: 8
	.data: load addr=00000ae8, load size=00000008 bytes, run addr=20000200, run size=00000014 bytes, compression=lzss


LINKER GENERATED HANDLER TABLE

__TI_handler_table @ 00000af0 records: 2, size/record: 4, table size: 8
	index: 0, handler: __TI_decompress_lzss
	index: 1, handler: __TI_decompress_none


GLOBAL SYMBOLS: SORTED ALPHABETICALLY BY Name 

address   name                          
-------   ----                          
00000429  ButtonA                       
00000463  ButtonB                       
000003c1  Button_Timer                  
00000727  Buttons_Init                  
000007b7  Buttons_SetCallbackA          
000007c7  Buttons_SetCallbackB          
00000ae3  C$$EXIT                       
0000084b  LEDS_PORTA_Init               
00000825  LEDS_PORTB_Init               
000008cd  LED_OFF                       
00000889  LED_ON                        
000006e5  PORTF_Handler                 
00000acb  ResetISR                      
0000049d  Run_APP                       
0000055d  Timer0_Handler                
00000591  Timer0_Init                   
00000577  Timer1_Handler                
000005e9  Timer1_Init                   
00000695  Timers_ButtonCALLBACK         
0000063b  Timers_ButtonStart            
00000659  Timers_ButtonStop             
00000685  Timers_TrafficCALLBACK        
00000665  Timers_TrafficResume          
00000679  Timers_TrafficStop            
0000026d  Traffic_Timer                 
20000200  __STACK_END                   
00000200  __STACK_SIZE                  
20000200  __STACK_TOP                   
00000af8  __TI_CINIT_Base               
00000b00  __TI_CINIT_Limit              
00000af0  __TI_Handler_Table_Base       
00000af8  __TI_Handler_Table_Limit      
00000a45  __TI_auto_init_nobinit_nopinit
000009dd  __TI_decompress_lzss          
00000abd  __TI_decompress_none          
ffffffff  __TI_pprof_out_hndl           
ffffffff  __TI_prof_data_size           
ffffffff  __TI_prof_data_start          
00000000  __TI_static_base__            
00000941  __aeabi_memcpy                
00000941  __aeabi_memcpy4               
00000941  __aeabi_memcpy8               
ffffffff  __binit__                     
ffffffff  __c_args__                    
UNDEFED   __mpu_init                    
20000000  __stack                       
20000000  __start___llvm_prf_cnts       
20000000  __stop___llvm_prf_cnts        
00000a89  _c_int00_noargs               
UNDEFED   _system_post_cinit            
00000adf  _system_pre_init              
00000ae3  abort                         
ffffffff  binit                         
20000212  g_countTraffic                
20000211  g_flagButton                  
20000210  g_flagTraffic                 
00000000  g_pfnVectors                  
20000213  g_state                       
00000ad7  main                          
00000941  memcpy                        


GLOBAL SYMBOLS: SORTED BY Symbol Address 

address   name                          
-------   ----                          
00000000  __TI_static_base__            
00000000  g_pfnVectors                  
00000200  __STACK_SIZE                  
0000026d  Traffic_Timer                 
000003c1  Button_Timer                  
00000429  ButtonA                       
00000463  ButtonB                       
0000049d  Run_APP                       
0000055d  Timer0_Handler                
00000577  Timer1_Handler                
00000591  Timer0_Init                   
000005e9  Timer1_Init                   
0000063b  Timers_ButtonStart            
00000659  Timers_ButtonStop             
00000665  Timers_TrafficResume          
00000679  Timers_TrafficStop            
00000685  Timers_TrafficCALLBACK        
00000695  Timers_ButtonCALLBACK         
000006e5  PORTF_Handler                 
00000727  Buttons_Init                  
000007b7  Buttons_SetCallbackA          
000007c7  Buttons_SetCallbackB          
00000825  LEDS_PORTB_Init               
0000084b  LEDS_PORTA_Init               
00000889  LED_ON                        
000008cd  LED_OFF                       
00000941  __aeabi_memcpy                
00000941  __aeabi_memcpy4               
00000941  __aeabi_memcpy8               
00000941  memcpy                        
000009dd  __TI_decompress_lzss          
00000a45  __TI_auto_init_nobinit_nopinit
00000a89  _c_int00_noargs               
00000abd  __TI_decompress_none          
00000acb  ResetISR                      
00000ad7  main                          
00000adf  _system_pre_init              
00000ae3  C$$EXIT                       
00000ae3  abort                         
00000af0  __TI_Handler_Table_Base       
00000af8  __TI_CINIT_Base               
00000af8  __TI_Handler_Table_Limit      
00000b00  __TI_CINIT_Limit              
20000000  __stack                       
20000000  __start___llvm_prf_cnts       
20000000  __stop___llvm_prf_cnts        
20000200  __STACK_END                   
20000200  __STACK_TOP                   
20000210  g_flagTraffic                 
20000211  g_flagButton                  
20000212  g_countTraffic                
20000213  g_state                       
ffffffff  __TI_pprof_out_hndl           
ffffffff  __TI_prof_data_size           
ffffffff  __TI_prof_data_start          
ffffffff  __binit__                     
ffffffff  __c_args__                    
ffffffff  binit                         
UNDEFED   __mpu_init                    
UNDEFED   _system_post_cinit            

[60 symbols]
