******************************************************************************
                  TI ARM Linker PC v20.2.7                     
******************************************************************************
>> Linked Sat Nov 25 05:09:30 2023

OUTPUT FILE NAME:   <Traffic_Lights.out>
ENTRY POINT SYMBOL: "_c_int00_noargs"  address: 000008d5


MEMORY CONFIGURATION

         name            origin    length      used     unused   attr    fill
----------------------  --------  ---------  --------  --------  ----  --------
  FLASH                 00000000   00040000  0000094a  0003f6b6  R  X
  SRAM                  20000000   00008000  00000215  00007deb  RW X


SEGMENT ALLOCATION MAP

run origin  load origin   length   init length attrs members
----------  ----------- ---------- ----------- ----- -------
00000000    00000000    00000950   00000950    r-x
  00000000    00000000    0000026c   0000026c    r-- .intvecs
  0000026c    0000026c    000006c6   000006c6    r-x .text
  00000938    00000938    00000018   00000018    r-- .cinit
20000000    20000000    00000215   00000000    rw-
  20000000    20000000    00000200   00000000    rw- .stack
  20000200    20000200    00000015   00000000    rw- .data


SECTION ALLOCATION MAP

 output                                  attributes/
section   page    origin      length       input sections
--------  ----  ----------  ----------   ----------------
.intvecs   0    00000000    0000026c     
                  00000000    0000026c     tm4c123gh6pm_startup_ccs.obj (.intvecs)

.text      0    0000026c    000006c6     
                  0000026c    000002e4     App.obj (.text)
                  00000550    0000011c     Leds.obj (.text)
                  0000066c    000000cc     Buttons.obj (.text)
                  00000738    0000009c     rtsv7M4_T_le_v4SPD16_eabi.lib : memcpy_t2.asm.obj (.text)
                  000007d4    00000068                                   : copy_decompress_lzss.c.obj (.text:decompress:lzss:__TI_decompress_lzss)
                  0000083c    00000054     Timers.obj (.text)
                  00000890    00000044     rtsv7M4_T_le_v4SPD16_eabi.lib : autoinit.c.obj (.text:__TI_auto_init_nobinit_nopinit:__TI_auto_init_nobinit_nopinit)
                  000008d4    00000034                                   : boot_cortex_m.c.obj (.text:_c_int00_noargs:_c_int00_noargs)
                  00000908    0000000e                                   : copy_decompress_none.c.obj (.text:decompress:none:__TI_decompress_none)
                  00000916    0000000c     tm4c123gh6pm_startup_ccs.obj (.text)
                  00000922    00000008     main.obj (.text)
                  0000092a    00000004     rtsv7M4_T_le_v4SPD16_eabi.lib : pre_init.c.obj (.text:_system_pre_init)
                  0000092e    00000004                                   : exit.c.obj (.text:abort:abort)

.cinit     0    00000938    00000018     
                  00000938    00000008     (.cinit..data.load) [load image, compression = lzss]
                  00000940    00000008     (__TI_handler_table)
                  00000948    00000008     (__TI_cinit_table)

.init_array 
*          0    00000000    00000000     UNINITIALIZED

.data      0    20000200    00000015     UNINITIALIZED
                  20000200    00000008     Buttons.obj (.data)
                  20000208    00000008     Timers.obj (.data)
                  20000210    00000005     App.obj (.data)

.stack     0    20000000    00000200     UNINITIALIZED
                  20000000    00000004     rtsv7M4_T_le_v4SPD16_eabi.lib : boot_cortex_m.c.obj (.stack)
                  20000004    000001fc     --HOLE--

__llvm_prf_cnts 
*          0    20000000    00000000     UNINITIALIZED

MODULE SUMMARY

       Module                         code   ro data   rw data
       ------                         ----   -------   -------
    .\
       App.obj                        740    0         5      
       tm4c123gh6pm_startup_ccs.obj   12     620       0      
       Leds.obj                       284    0         0      
       Buttons.obj                    204    0         8      
       Timers.obj                     84     0         8      
       main.obj                       8      0         0      
    +--+------------------------------+------+---------+---------+
       Total:                         1332   620       21     
                                                              
    C:\ti\ccs1250\ccs\tools\compiler\ti-cgt-arm_20.2.7.LTS\lib\rtsv7M4_T_le_v4SPD16_eabi.lib
       memcpy_t2.asm.obj              156    0         0      
       copy_decompress_lzss.c.obj     104    0         0      
       autoinit.c.obj                 68     0         0      
       boot_cortex_m.c.obj            52     0         0      
       copy_decompress_none.c.obj     14     0         0      
       exit.c.obj                     4      0         0      
       pre_init.c.obj                 4      0         0      
    +--+------------------------------+------+---------+---------+
       Total:                         402    0         0      
                                                              
       Stack:                         0      0         512    
       Linker Generated:              0      24        0      
    +--+------------------------------+------+---------+---------+
       Grand Total:                   1734   644       533    


LINKER GENERATED COPY TABLES

__TI_cinit_table @ 00000948 records: 1, size/record: 8, table size: 8
	.data: load addr=00000938, load size=00000008 bytes, run addr=20000200, run size=00000015 bytes, compression=lzss


LINKER GENERATED HANDLER TABLE

__TI_handler_table @ 00000940 records: 2, size/record: 4, table size: 8
	index: 0, handler: __TI_decompress_lzss
	index: 1, handler: __TI_decompress_none


GLOBAL SYMBOLS: SORTED ALPHABETICALLY BY Name 

address   name                          
-------   ----                          
0000043d  ButtonA                       
00000477  ButtonB                       
000003c1  Button_Timer                  
0000069b  Buttons_Init                  
000006e9  Buttons_SetCallbackA          
000006f9  Buttons_SetCallbackB          
0000092f  C$$EXIT                       
00000577  LEDS_PORTA_Init               
00000551  LEDS_PORTB_Init               
000005f9  LED_OFF                       
000005b5  LED_ON                        
0000066d  PORTF_Handler                 
00000917  ResetISR                      
000004b1  Run_APP                       
0000084d  Timer0A_Handler               
0000083d  Timer0B_Handler               
00000879  Timers_ButtonCALLBACK         
0000085f  Timers_ButtonInit             
00000861  Timers_ButtonStart            
00000863  Timers_ButtonStop             
00000869  Timers_TrafficCALLBACK        
0000085d  Timers_TrafficInit            
00000865  Timers_TrafficResume          
00000867  Timers_TrafficStop            
0000026d  Traffic_Timer                 
20000200  __STACK_END                   
00000200  __STACK_SIZE                  
20000200  __STACK_TOP                   
00000948  __TI_CINIT_Base               
00000950  __TI_CINIT_Limit              
00000940  __TI_Handler_Table_Base       
00000948  __TI_Handler_Table_Limit      
00000891  __TI_auto_init_nobinit_nopinit
000007d5  __TI_decompress_lzss          
00000909  __TI_decompress_none          
ffffffff  __TI_pprof_out_hndl           
ffffffff  __TI_prof_data_size           
ffffffff  __TI_prof_data_start          
00000000  __TI_static_base__            
00000739  __aeabi_memcpy                
00000739  __aeabi_memcpy4               
00000739  __aeabi_memcpy8               
ffffffff  __binit__                     
ffffffff  __c_args__                    
UNDEFED   __mpu_init                    
20000000  __stack                       
20000000  __start___llvm_prf_cnts       
20000000  __stop___llvm_prf_cnts        
000008d5  _c_int00_noargs               
UNDEFED   _system_post_cinit            
0000092b  _system_pre_init              
0000092f  abort                         
ffffffff  binit                         
20000213  g_countButton                 
20000212  g_countTraffic                
20000211  g_flagButton                  
20000210  g_flagTraffic                 
00000000  g_pfnVectors                  
20000214  g_state                       
00000923  main                          
00000739  memcpy                        


GLOBAL SYMBOLS: SORTED BY Symbol Address 

address   name                          
-------   ----                          
00000000  __TI_static_base__            
00000000  g_pfnVectors                  
00000200  __STACK_SIZE                  
0000026d  Traffic_Timer                 
000003c1  Button_Timer                  
0000043d  ButtonA                       
00000477  ButtonB                       
000004b1  Run_APP                       
00000551  LEDS_PORTB_Init               
00000577  LEDS_PORTA_Init               
000005b5  LED_ON                        
000005f9  LED_OFF                       
0000066d  PORTF_Handler                 
0000069b  Buttons_Init                  
000006e9  Buttons_SetCallbackA          
000006f9  Buttons_SetCallbackB          
00000739  __aeabi_memcpy                
00000739  __aeabi_memcpy4               
00000739  __aeabi_memcpy8               
00000739  memcpy                        
000007d5  __TI_decompress_lzss          
0000083d  Timer0B_Handler               
0000084d  Timer0A_Handler               
0000085d  Timers_TrafficInit            
0000085f  Timers_ButtonInit             
00000861  Timers_ButtonStart            
00000863  Timers_ButtonStop             
00000865  Timers_TrafficResume          
00000867  Timers_TrafficStop            
00000869  Timers_TrafficCALLBACK        
00000879  Timers_ButtonCALLBACK         
00000891  __TI_auto_init_nobinit_nopinit
000008d5  _c_int00_noargs               
00000909  __TI_decompress_none          
00000917  ResetISR                      
00000923  main                          
0000092b  _system_pre_init              
0000092f  C$$EXIT                       
0000092f  abort                         
00000940  __TI_Handler_Table_Base       
00000948  __TI_CINIT_Base               
00000948  __TI_Handler_Table_Limit      
00000950  __TI_CINIT_Limit              
20000000  __stack                       
20000000  __start___llvm_prf_cnts       
20000000  __stop___llvm_prf_cnts        
20000200  __STACK_END                   
20000200  __STACK_TOP                   
20000210  g_flagTraffic                 
20000211  g_flagButton                  
20000212  g_countTraffic                
20000213  g_countButton                 
20000214  g_state                       
ffffffff  __TI_pprof_out_hndl           
ffffffff  __TI_prof_data_size           
ffffffff  __TI_prof_data_start          
ffffffff  __binit__                     
ffffffff  __c_args__                    
ffffffff  binit                         
UNDEFED   __mpu_init                    
UNDEFED   _system_post_cinit            

[61 symbols]
